// Jest Snapshot v1, https://goo.gl/fbAQLP

exports[`Footer Component Should render according with snapshout whithout error 1`] = `
<div
  className="footer"
  data-test="Footer"
>
  <span>
    Copyright 2021
  </span>
</div>
`;
